javax.xml.bind.UnmarshalException
 - with linked exception:
[org.xml.sax.SAXParseException; lineNumber: 6; columnNumber: 23; cvc-complex-type.2.4.a: Invalid content was found starting with element 'parameters1'. One of '{configuration, parameters}' is expected.]